 Container ha08-postgres  Running
 Container ha08-redis  Running
 Container ha08-api  Recreate
 Container ha08-api  Recreated
 Container ha08-postgres  Waiting
 Container ha08-redis  Waiting
 Container ha08-postgres  Healthy
 Container ha08-redis  Healthy
 Container ha08-api  Starting
 Container ha08-api  Started
 Container ha08-redis  Running
 Container ha08-postgres  Running
 Container ha08-api  Recreate
 Container ha08-api  Recreated
 Container ha08-postgres  Waiting
 Container ha08-redis  Waiting
 Container ha08-redis  Healthy
 Container ha08-postgres  Healthy
 Container ha08-api  Starting
 Container ha08-api  Started
 Container ha08-redis  Running
 Container ha08-postgres  Running
 Container ha08-api  Recreate
 Container ha08-api  Recreated
 Container ha08-postgres  Waiting
 Container ha08-redis  Waiting
 Container ha08-redis  Healthy
 Container ha08-postgres  Healthy
 Container ha08-api  Starting
 Container ha08-api  Started
OK: payload idéntico entre brazos
